========================================================================================
按持有期正确评估因子 + 周期匹配组合构建
========================================================================================
股票池: 全市场 A 股
成本: 往返 20bp
  5,185 只 × 2,611 日，213.7s
  17 个中性化因子

[1/3] 各因子多前瞻期 IC …
                    IC_1    IC_20    IC_60   IC_120
drawdown_60      +0.1577  +0.5014  +0.4789  +0.2529
skew_60          -0.0063  +0.1387  +0.3041  +0.1956
range_20         -0.0347  +0.1666  +0.2693  +0.2738
vol_ratio_20_60  -0.0103  +0.2313  +0.1456  +0.0627
turnover_20      -0.0244  +0.0718  +0.1357  +0.1408
illiq_accel      +0.0554  +0.2411  +0.0546  +0.0277
cf_quality       +0.0024  +0.0054  +0.0078  +0.0151
roe              +0.0010  -0.0179  -0.0248  -0.0119
low_vol_120      +0.0299  +0.0191  -0.0377  -0.1426
ep               +0.0002  -0.0359  -0.0536  -0.0548
amihud_20        +0.0277  +0.0069  -0.0701  -0.0930
bp               -0.0021  -0.0601  -0.1117  -0.1486
low_vol_60       +0.0311  -0.0136  -0.1495  -0.2030
volume_shock     +0.0173  -0.2819  -0.1801  -0.0558
idio_vol_20      +0.0344  -0.1971  -0.2640  -0.2511
max_ret_20       +0.0011  -0.3358  -0.2791  -0.2402
price_pos250     -0.0796  -0.3543  -0.5233  -0.6166

[2/3] 按 60 日口径筛选因子 …
  ✅ 在 20/60/120 日均为正且 IC60>0.02: 6 个 → ['skew_60', 'range_20', 'vol_ratio_20_60', 'drawdown_60', 'illiq_accel', 'turnover_20']
  ❌ 不满足: 11 个

[3/3] 周期匹配回测（调仓频率 = 持有期）…

  ── 每20日调仓/每次换5只（年换手 12.2%，年成本 0.12%）
     年化(净) +3.51%  基准 +3.70%  超额 -0.52pp
     最大回撤 -49.06%  夏普 0.16  信息比率 -0.13
     命中：持有 20日 Top组  51.6%  全市场  46.4%  超额  +5.2pp
     命中：持有 60日 Top组  48.8%  全市场  44.0%  超额  +4.8pp
     持有60日胜率 52.4%  盈亏比 1.27

  ── 每60日调仓/每次换5只（年换手 4.1%，年成本 0.04%）
     年化(净) +3.22%  基准 +2.61%  超额 +0.13pp
     最大回撤 -48.78%  夏普 0.15  信息比率 0.03
     命中：持有 20日 Top组  52.2%  全市场  46.4%  超额  +5.9pp
     命中：持有 60日 Top组  49.7%  全市场  44.0%  超额  +5.7pp
     持有60日胜率 54.7%  盈亏比 1.26

  ── 每60日调仓/每次换10只（年换手 8.1%，年成本 0.08%）
     年化(净) +3.30%  基准 +2.61%  超额 +0.31pp
     最大回撤 -49.04%  夏普 0.15  信息比率 0.08
     命中：持有 20日 Top组  52.2%  全市场  46.4%  超额  +5.9pp
     命中：持有 60日 Top组  49.8%  全市场  44.0%  超额  +5.8pp
     持有60日胜率 54.8%  盈亏比 1.26

  ── 每120日调仓/每次换5只（年换手 2.0%，年成本 0.02%）
     年化(净) +4.88%  基准 +4.43%  超额 +0.12pp
     最大回撤 -44.84%  夏普 0.22  信息比率 0.03
     命中：持有 20日 Top组  54.0%  全市场  46.4%  超额  +7.6pp
     命中：持有 60日 Top组  51.3%  全市场  44.0%  超额  +7.3pp
     持有60日胜率 54.6%  盈亏比 1.29

  ── 每120日调仓/每次换10只（年换手 4.1%，年成本 0.04%）
     年化(净) +4.76%  基准 +4.43%  超额 +0.04pp
     最大回撤 -44.93%  夏普 0.21  信息比率 0.01
     命中：持有 20日 Top组  54.0%  全市场  46.4%  超额  +7.6pp
     命中：持有 60日 Top组  51.3%  全市场  44.0%  超额  +7.3pp
     持有60日胜率 54.7%  盈亏比 1.27

结果目录: C:\Documentation\Wealth_Management\09_研究项目\factor_lab\out\holding
提示: 多头口径，扣 20bp 往返。基准 = 同期全市场等权。
统计检验不构成投资建议。
